Archive member included to satisfy reference by file (symbol)

common/libcommon.a(system_at32f435_437.c.obj)
                              (--whole-archive)
common/libcommon.a(startup_at32f435_437.s.obj)
                              (--whole-archive)
common/libcommon.a(syscalls.c.obj)
                              (--whole-archive)
common/libcommon.a(at32f435_437_crm.c.obj)
                              (--whole-archive)
common/libcommon.a(at32f435_437_gpio.c.obj)
                              (--whole-archive)
common/libcommon.a(at32f435_437_usart.c.obj)
                              (--whole-archive)
common/libcommon.a(at32f435_437_exint.c.obj)
                              (--whole-archive)
common/libcommon.a(at32f435_437_misc.c.obj)
                              (--whole-archive)
c:/progra~2/gnuarm~1/102021~1.10/bin/../lib/gcc/arm-none-eabi/10.3.1/thumb/v7e-m+fp/hard\libgcc.a(_arm_truncdfsf2.o)
                              project/CMakeFiles/AT32F435_LedToggle.elf.dir/rttview/SEGGER_RTT_printf.c.obj (__aeabi_d2f)
c:/progra~2/gnuarm~1/102021~1.10/bin/../lib/gcc/arm-none-eabi/10.3.1/thumb/v7e-m+fp/hard\libgcc.a(_aeabi_ldivmod.o)
                              common/libcommon.a(system_at32f435_437.c.obj) (__aeabi_ldivmod)
c:/progra~2/gnuarm~1/102021~1.10/bin/../lib/gcc/arm-none-eabi/10.3.1/thumb/v7e-m+fp/hard\libgcc.a(_aeabi_uldivmod.o)
                              common/libcommon.a(system_at32f435_437.c.obj) (__aeabi_uldivmod)
c:/progra~2/gnuarm~1/102021~1.10/bin/../lib/gcc/arm-none-eabi/10.3.1/thumb/v7e-m+fp/hard\libgcc.a(_udivmoddi4.o)
                              c:/progra~2/gnuarm~1/102021~1.10/bin/../lib/gcc/arm-none-eabi/10.3.1/thumb/v7e-m+fp/hard\libgcc.a(_aeabi_ldivmod.o) (__udivmoddi4)
c:/progra~2/gnuarm~1/102021~1.10/bin/../lib/gcc/arm-none-eabi/10.3.1/thumb/v7e-m+fp/hard\libgcc.a(_dvmd_tls.o)
                              c:/progra~2/gnuarm~1/102021~1.10/bin/../lib/gcc/arm-none-eabi/10.3.1/thumb/v7e-m+fp/hard\libgcc.a(_aeabi_ldivmod.o) (__aeabi_ldiv0)
c:/progra~2/gnuarm~1/102021~1.10/bin/../lib/gcc/arm-none-eabi/10.3.1/../../../../arm-none-eabi/lib/thumb/v7e-m+fp/hard\libg_nano.a(lib_a-errno.o)
                              common/libcommon.a(syscalls.c.obj) (__errno)
c:/progra~2/gnuarm~1/102021~1.10/bin/../lib/gcc/arm-none-eabi/10.3.1/../../../../arm-none-eabi/lib/thumb/v7e-m+fp/hard\libg_nano.a(lib_a-exit.o)
                              c:/progra~2/gnuarm~1/102021~1.10/bin/../lib/gcc/arm-none-eabi/10.3.1/../../../../arm-none-eabi/lib/thumb/v7e-m+fp/hard/crt0.o (exit)
c:/progra~2/gnuarm~1/102021~1.10/bin/../lib/gcc/arm-none-eabi/10.3.1/../../../../arm-none-eabi/lib/thumb/v7e-m+fp/hard\libg_nano.a(lib_a-impure.o)
                              c:/progra~2/gnuarm~1/102021~1.10/bin/../lib/gcc/arm-none-eabi/10.3.1/../../../../arm-none-eabi/lib/thumb/v7e-m+fp/hard\libg_nano.a(lib_a-exit.o) (_global_impure_ptr)
c:/progra~2/gnuarm~1/102021~1.10/bin/../lib/gcc/arm-none-eabi/10.3.1/../../../../arm-none-eabi/lib/thumb/v7e-m+fp/hard\libg_nano.a(lib_a-init.o)
                              c:/progra~2/gnuarm~1/102021~1.10/bin/../lib/gcc/arm-none-eabi/10.3.1/../../../../arm-none-eabi/lib/thumb/v7e-m+fp/hard/crt0.o (__libc_init_array)
c:/progra~2/gnuarm~1/102021~1.10/bin/../lib/gcc/arm-none-eabi/10.3.1/../../../../arm-none-eabi/lib/thumb/v7e-m+fp/hard\libg_nano.a(lib_a-memcpy-stub.o)
                              project/CMakeFiles/AT32F435_LedToggle.elf.dir/rttview/SEGGER_RTT.c.obj (memcpy)
c:/progra~2/gnuarm~1/102021~1.10/bin/../lib/gcc/arm-none-eabi/10.3.1/../../../../arm-none-eabi/lib/thumb/v7e-m+fp/hard\libg_nano.a(lib_a-memset.o)
                              c:/progra~2/gnuarm~1/102021~1.10/bin/../lib/gcc/arm-none-eabi/10.3.1/../../../../arm-none-eabi/lib/thumb/v7e-m+fp/hard/crt0.o (memset)
c:/progra~2/gnuarm~1/102021~1.10/bin/../lib/gcc/arm-none-eabi/10.3.1/../../../../arm-none-eabi/lib/thumb/v7e-m+fp/hard\libg_nano.a(lib_a-setvbuf.o)
                              project/CMakeFiles/AT32F435_LedToggle.elf.dir/src/at32f435_437_board.c.obj (setvbuf)
c:/progra~2/gnuarm~1/102021~1.10/bin/../lib/gcc/arm-none-eabi/10.3.1/../../../../arm-none-eabi/lib/thumb/v7e-m+fp/hard\libg_nano.a(lib_a-strlen.o)
                              project/CMakeFiles/AT32F435_LedToggle.elf.dir/rttview/SEGGER_RTT.c.obj (strlen)
c:/progra~2/gnuarm~1/102021~1.10/bin/../lib/gcc/arm-none-eabi/10.3.1/../../../../arm-none-eabi/lib/thumb/v7e-m+fp/hard\libg_nano.a(lib_a-fflush.o)
                              c:/progra~2/gnuarm~1/102021~1.10/bin/../lib/gcc/arm-none-eabi/10.3.1/../../../../arm-none-eabi/lib/thumb/v7e-m+fp/hard\libg_nano.a(lib_a-setvbuf.o) (_fflush_r)
c:/progra~2/gnuarm~1/102021~1.10/bin/../lib/gcc/arm-none-eabi/10.3.1/../../../../arm-none-eabi/lib/thumb/v7e-m+fp/hard\libg_nano.a(lib_a-findfp.o)
                              c:/progra~2/gnuarm~1/102021~1.10/bin/../lib/gcc/arm-none-eabi/10.3.1/../../../../arm-none-eabi/lib/thumb/v7e-m+fp/hard\libg_nano.a(lib_a-setvbuf.o) (__sinit)
[...]
Memory Configuration

Name             Origin             Length             Attributes
FLASH            0x08000000         0x003f0000         xr
RAM              0x20000000         0x00060000         xrw
*default*        0x00000000         0xffffffff

Linker script and memory map

LOAD c:/progra~2/gnuarm~1/102021~1.10/bin/../lib/gcc/arm-none-eabi/10.3.1/thumb/v7e-m+fp/hard/crti.o
LOAD c:/progra~2/gnuarm~1/102021~1.10/bin/../lib/gcc/arm-none-eabi/10.3.1/thumb/v7e-m+fp/hard/crtbegin.o
LOAD c:/progra~2/gnuarm~1/102021~1.10/bin/../lib/gcc/arm-none-eabi/10.3.1/../../../../arm-none-eabi/lib/thumb/v7e-m+fp/hard/crt0.o
LOAD project/CMakeFiles/AT32F435_LedToggle.elf.dir/src/main.c.obj
LOAD project/CMakeFiles/AT32F435_LedToggle.elf.dir/src/at32f435_437_board.c.obj
LOAD project/CMakeFiles/AT32F435_LedToggle.elf.dir/src/at32f435_437_clock.c.obj
LOAD project/CMakeFiles/AT32F435_LedToggle.elf.dir/src/at32f435_437_int.c.obj
LOAD project/CMakeFiles/AT32F435_LedToggle.elf.dir/rttview/SEGGER_RTT.c.obj
LOAD project/CMakeFiles/AT32F435_LedToggle.elf.dir/rttview/SEGGER_RTT_printf.c.obj
LOAD common/libcommon.a
START GROUP
LOAD c:/progra~2/gnuarm~1/102021~1.10/bin/../lib/gcc/arm-none-eabi/10.3.1/thumb/v7e-m+fp/hard\libgcc.a
LOAD c:/progra~2/gnuarm~1/102021~1.10/bin/../lib/gcc/arm-none-eabi/10.3.1/../../../../arm-none-eabi/lib/thumb/v7e-m+fp/hard\libg_nano.a
LOAD c:/progra~2/gnuarm~1/102021~1.10/bin/../lib/gcc/arm-none-eabi/10.3.1/../../../../arm-none-eabi/lib/thumb/v7e-m+fp/hard\libc_nano.a
END GROUP
START GROUP
LOAD c:/progra~2/gnuarm~1/102021~1.10/bin/../lib/gcc/arm-none-eabi/10.3.1/thumb/v7e-m+fp/hard\libgcc.a
LOAD c:/progra~2/gnuarm~1/102021~1.10/bin/../lib/gcc/arm-none-eabi/10.3.1/../../../../arm-none-eabi/lib/thumb/v7e-m+fp/hard\libc_nano.a
END GROUP
LOAD c:/progra~2/gnuarm~1/102021~1.10/bin/../lib/gcc/arm-none-eabi/10.3.1/thumb/v7e-m+fp/hard/crtend.o
LOAD c:/progra~2/gnuarm~1/102021~1.10/bin/../lib/gcc/arm-none-eabi/10.3.1/thumb/v7e-m+fp/hard/crtn.o
                0x20060000                _estack = 0x20060000
                0x00000200                _Min_Heap_Size = 0x200
                0x00000400                _Min_Stack_Size = 0x400

.isr_vector     0x08000000      0x20c
                0x08000000                . = ALIGN (0x4)
 *(.isr_vector)
 .isr_vector    0x08000000      0x20c common/libcommon.a(startup_at32f435_437.s.obj)
                0x08000000                g_pfnVectors
                0x0800020c                . = ALIGN (0x4)

.text           0x0800020c     0x1794
                0x0800020c                . = ALIGN (0x4)
 *(.text)
 .text          0x0800020c       0x40 c:/progra~2/gnuarm~1/102021~1.10/bin/../lib/gcc/arm-none-eabi/10.3.1/thumb/v7e-m+fp/hard/crtbegin.o
 .text          0x0800024c       0xa0 c:/progra~2/gnuarm~1/102021~1.10/bin/../lib/gcc/arm-none-eabi/10.3.1/thumb/v7e-m+fp/hard\libgcc.a(_arm_truncdfsf2.o)
                0x0800024c                __truncdfsf2
                0x0800024c                __aeabi_d2f
 .text          0x080002ec       0x30 c:/progra~2/gnuarm~1/102021~1.10/bin/../lib/gcc/arm-none-eabi/10.3.1/thumb/v7e-m+fp/hard\libgcc.a(_aeabi_uldivmod.o)
                0x080002ec                __aeabi_uldivmod
 .text          0x0800031c      0x2d0 c:/progra~2/gnuarm~1/102021~1.10/bin/../lib/gcc/arm-none-eabi/10.3.1/thumb/v7e-m+fp/hard\libgcc.a(_udivmoddi4.o)
                0x0800031c                __udivmoddi4
 .text          0x080005ec        0x4 c:/progra~2/gnuarm~1/102021~1.10/bin/../lib/gcc/arm-none-eabi/10.3.1/thumb/v7e-m+fp/hard\libgcc.a(_dvmd_tls.o)
                0x080005ec                __aeabi_idiv0
                0x080005ec                __aeabi_ldiv0
 *(.text*)
 .text.startup.main
                0x080005f0       0x40 project/CMakeFiles/AT32F435_LedToggle.elf.dir/src/main.c.obj
                0x080005f0                main
 .text.at32_board_init
                0x08000630       0xe8 project/CMakeFiles/AT32F435_LedToggle.elf.dir/src/at32f435_437_board.c.obj
                0x08000630                at32_board_init
 .text.at32_led_toggle
                0x08000718       0x24 project/CMakeFiles/AT32F435_LedToggle.elf.dir/src/at32f435_437_board.c.obj
                0x08000718                at32_led_toggle
 .text.delay_ms
                0x0800073c       0x58 project/CMakeFiles/AT32F435_LedToggle.elf.dir/src/at32f435_437_board.c.obj
                0x0800073c                delay_ms
 .text.system_clock_config
                0x08000794       0x94 project/CMakeFiles/AT32F435_LedToggle.elf.dir/src/at32f435_437_clock.c.obj
                0x08000794                system_clock_config
 .text.NMI_Handler
                0x08000828        0x4 project/CMakeFiles/AT32F435_LedToggle.elf.dir/src/at32f435_437_int.c.obj
                0x08000828                NMI_Handler
 .text.HardFault_Handler
                0x0800082c        0x4 project/CMakeFiles/AT32F435_LedToggle.elf.dir/src/at32f435_437_int.c.obj
                0x0800082c                HardFault_Handler
 .text.MemManage_Handler
                0x08000830        0x4 project/CMakeFiles/AT32F435_LedToggle.elf.dir/src/at32f435_437_int.c.obj
                0x08000830                MemManage_Handler
 .text.BusFault_Handler
                0x08000834        0x4 project/CMakeFiles/AT32F435_LedToggle.elf.dir/src/at32f435_437_int.c.obj
                0x08000834                BusFault_Handler
 .text.UsageFault_Handler
                0x08000838        0x4 project/CMakeFiles/AT32F435_LedToggle.elf.dir/src/at32f435_437_int.c.obj
                0x08000838                UsageFault_Handler
 .text.SVC_Handler
                0x0800083c        0x4 project/CMakeFiles/AT32F435_LedToggle.elf.dir/src/at32f435_437_int.c.obj
                0x0800083c                SVC_Handler
 .text.DebugMon_Handler
                0x08000840        0x4 project/CMakeFiles/AT32F435_LedToggle.elf.dir/src/at32f435_437_int.c.obj
                0x08000840                DebugMon_Handler
 .text.PendSV_Handler
                0x08000844        0x4 project/CMakeFiles/AT32F435_LedToggle.elf.dir/src/at32f435_437_int.c.obj
                0x08000844                PendSV_Handler
 .text.SysTick_Handler
                0x08000848        0x4 project/CMakeFiles/AT32F435_LedToggle.elf.dir/src/at32f435_437_int.c.obj
                0x08000848                SysTick_Handler
 .text.SEGGER_RTT_Write
                0x0800084c      0x268 project/CMakeFiles/AT32F435_LedToggle.elf.dir/rttview/SEGGER_RTT.c.obj
                0x0800084c                SEGGER_RTT_Write
 .text.SEGGER_RTT_SetTerminal
                0x08000ab4      0x190 project/CMakeFiles/AT32F435_LedToggle.elf.dir/rttview/SEGGER_RTT.c.obj
                0x08000ab4                SEGGER_RTT_SetTerminal
 .text._PrintUnsigned
                0x08000c44      0x1a4 project/CMakeFiles/AT32F435_LedToggle.elf.dir/rttview/SEGGER_RTT_printf.c.obj
 .text.SEGGER_RTT_vprintf
                0x08000de8      0x6fc project/CMakeFiles/AT32F435_LedToggle.elf.dir/rttview/SEGGER_RTT_printf.c.obj
                0x08000de8                SEGGER_RTT_vprintf
 .text.SEGGER_RTT_printf
                0x080014e4       0x20 project/CMakeFiles/AT32F435_LedToggle.elf.dir/rttview/SEGGER_RTT_printf.c.obj
                0x080014e4                SEGGER_RTT_printf
 .text.SystemInit
                0x08001504       0x6c common/libcommon.a(system_at32f435_437.c.obj)
                0x08001504                SystemInit
 .text.system_core_clock_update
                0x08001570       0xb4 common/libcommon.a(system_at32f435_437.c.obj)
                0x08001570                system_core_clock_update
 .text.Reset_Handler
                0x08001624       0x48 common/libcommon.a(startup_at32f435_437.s.obj)
                0x08001624                Reset_Handler
 .text.Default_Handler
                0x0800166c        0x2 common/libcommon.a(startup_at32f435_437.s.obj)
                0x0800166c                SDIO1_IRQHandler
                0x0800166c                XMC_IRQHandler
                0x0800166c                EXINT2_IRQHandler
                0x0800166c                TMR20_TRG_HALL_IRQHandler
                0x0800166c                UART8_IRQHandler
                0x0800166c                SPI4_IRQHandler
                0x0800166c                I2C2_EVT_IRQHandler
                0x0800166c                TMR20_CH_IRQHandler
                0x0800166c                TMR1_OVF_TMR10_IRQHandler
                0x0800166c                TMR8_TRG_HALL_TMR14_IRQHandler
                0x0800166c                I2C1_ERR_IRQHandler
                0x0800166c                EXINT9_5_IRQHandler
                0x0800166c                TAMP_STAMP_IRQHandler
                0x0800166c                EMAC_IRQHandler
                0x0800166c                EDMA_Stream7_IRQHandler
                0x0800166c                CAN2_RX1_IRQHandler
                0x0800166c                TMR5_GLOBAL_IRQHandler
                0x0800166c                TMR20_OVF_IRQHandler
                0x0800166c                EDMA_Stream2_IRQHandler
                0x0800166c                CAN1_RX0_IRQHandler
                0x0800166c                FPU_IRQHandler
                0x0800166c                EDMA_Stream3_IRQHandler
                0x0800166c                SDIO2_IRQHandler
                0x0800166c                OTGFS2_IRQHandler
                0x0800166c                SPI1_IRQHandler
                0x0800166c                TMR6_DAC_GLOBAL_IRQHandler
                0x0800166c                CAN2_RX0_IRQHandler
                0x0800166c                OTGFS1_IRQHandler
                0x0800166c                DMA2_Channel2_IRQHandler
                0x0800166c                DMA1_Channel4_IRQHandler
                0x0800166c                TMR8_CH_IRQHandler
                0x0800166c                EDMA_Stream4_IRQHandler
                0x0800166c                USART6_IRQHandler
                0x0800166c                EXINT0_IRQHandler
                0x0800166c                USART3_IRQHandler
                0x0800166c                DMA1_Channel7_IRQHandler
                0x0800166c                CAN1_RX1_IRQHandler
                0x0800166c                DVP_IRQHandler
                0x0800166c                UART5_IRQHandler
                0x0800166c                ACC_IRQHandler
                0x0800166c                DMAMUX_IRQHandler
                0x0800166c                EMAC_WKUP_IRQHandler
                0x0800166c                DMA2_Channel1_IRQHandler
                0x0800166c                OTGFS2_WKUP_IRQHandler
                0x0800166c                EXINT3_IRQHandler
                0x0800166c                DMA1_Channel6_IRQHandler
                0x0800166c                UART4_IRQHandler
                0x0800166c                DMA2_Channel4_IRQHandler
                0x0800166c                ERTCAlarm_IRQHandler
                0x0800166c                DMA1_Channel1_IRQHandler
                0x0800166c                Default_Handler
                0x0800166c                DMA2_Channel7_IRQHandler
                0x0800166c                TMR20_BRK_IRQHandler
                0x0800166c                QSPI1_IRQHandler
                0x0800166c                TMR3_GLOBAL_IRQHandler
                0x0800166c                TMR7_GLOBAL_IRQHandler
                0x0800166c                CAN1_SE_IRQHandler
                0x0800166c                CAN2_TX_IRQHandler
                0x0800166c                I2C3_ERR_IRQHandler
                0x0800166c                SPI3_I2S3EXT_IRQHandler
                0x0800166c                TMR1_BRK_TMR9_IRQHandler
                0x0800166c                TMR8_BRK_TMR12_IRQHandler
                0x0800166c                TMR1_TRG_HALL_TMR11_IRQHandler
                0x0800166c                CAN1_TX_IRQHandler
                0x0800166c                DMA2_Channel5_IRQHandler
                0x0800166c                DMA1_Channel5_IRQHandler
                0x0800166c                EDMA_Stream6_IRQHandler
                0x0800166c                QSPI2_IRQHandler
                0x0800166c                TMR4_GLOBAL_IRQHandler
                0x0800166c                EXINT4_IRQHandler
                0x0800166c                CAN2_SE_IRQHandler
                0x0800166c                PVM_IRQHandler
                0x0800166c                I2C3_EVT_IRQHandler
                0x0800166c                DMA1_Channel3_IRQHandler
                0x0800166c                I2C1_EVT_IRQHandler
                0x0800166c                TMR8_OVF_TMR13_IRQHandler
                0x0800166c                DMA2_Channel6_IRQHandler
                0x0800166c                EDMA_Stream5_IRQHandler
                0x0800166c                EDMA_Stream1_IRQHandler
                0x0800166c                EXINT1_IRQHandler
                0x0800166c                UART7_IRQHandler
                0x0800166c                USART2_IRQHandler
                0x0800166c                DMA1_Channel2_IRQHandler
                0x0800166c                TMR2_GLOBAL_IRQHandler
                0x0800166c                ERTC_WKUP_IRQHandler
                0x0800166c                FLASH_IRQHandler
                0x0800166c                SPI2_I2S2EXT_IRQHandler
                0x0800166c                I2C2_ERR_IRQHandler
                0x0800166c                USART1_IRQHandler
                0x0800166c                TMR1_CH_IRQHandler
                0x0800166c                CRM_IRQHandler
                0x0800166c                EDMA_Stream8_IRQHandler
                0x0800166c                OTGFS1_WKUP_IRQHandler
                0x0800166c                EXINT15_10_IRQHandler
                0x0800166c                ADC1_2_3_IRQHandler
                0x0800166c                WWDT_IRQHandler
                0x0800166c                DMA2_Channel3_IRQHandler
 *fill*         0x0800166e        0x2 
 .text.crm_reset
                0x08001670       0x54 common/libcommon.a(at32f435_437_crm.c.obj)
                0x08001670                crm_reset
 .text.crm_flag_get
                0x080016c4       0x24 common/libcommon.a(at32f435_437_crm.c.obj)
                0x080016c4                crm_flag_get
 .text.crm_hext_stable_wait
                0x080016e8       0x2c common/libcommon.a(at32f435_437_crm.c.obj)
                0x080016e8                crm_hext_stable_wait
 .text.crm_periph_clock_enable
                0x08001714       0x2c common/libcommon.a(at32f435_437_crm.c.obj)
                0x08001714                crm_periph_clock_enable
 .text.crm_clock_source_enable
                0x08001740       0x50 common/libcommon.a(at32f435_437_crm.c.obj)
                0x08001740                crm_clock_source_enable
 .text.crm_ahb_div_set
                0x08001790       0x10 common/libcommon.a(at32f435_437_crm.c.obj)
                0x08001790                crm_ahb_div_set
 .text.crm_apb1_div_set
                0x080017a0       0x10 common/libcommon.a(at32f435_437_crm.c.obj)
                0x080017a0                crm_apb1_div_set
 .text.crm_apb2_div_set
                0x080017b0       0x10 common/libcommon.a(at32f435_437_crm.c.obj)
                0x080017b0                crm_apb2_div_set
 .text.crm_auto_step_mode_enable
                0x080017c0       0x28 common/libcommon.a(at32f435_437_crm.c.obj)
                0x080017c0                crm_auto_step_mode_enable
 .text.crm_pll_config
                0x080017e8       0x3c common/libcommon.a(at32f435_437_crm.c.obj)
                0x080017e8                crm_pll_config
 .text.crm_sysclk_switch
                0x08001824       0x38 common/libcommon.a(at32f435_437_crm.c.obj)
                0x08001824                crm_sysclk_switch
 .text.crm_sysclk_switch_status_get
                0x0800185c       0x10 common/libcommon.a(at32f435_437_crm.c.obj)
                0x0800185c                crm_sysclk_switch_status_get
 .text.gpio_init
                0x0800186c       0x90 common/libcommon.a(at32f435_437_gpio.c.obj)
                0x0800186c                gpio_init
 .text.gpio_default_para_init
                0x080018fc       0x10 common/libcommon.a(at32f435_437_gpio.c.obj)
                0x080018fc                gpio_default_para_init
 .text.systick_clock_source_config
                0x0800190c       0x18 common/libcommon.a(at32f435_437_misc.c.obj)
                0x0800190c                systick_clock_source_config
 .text.__libc_init_array
                0x08001924       0x48 c:/progra~2/gnuarm~1/102021~1.10/bin/../lib/gcc/arm-none-eabi/10.3.1/../../../../arm-none-eabi/lib/thumb/v7e-m+fp/hard\libg_nano.a(lib_a-init.o)
                0x08001924                __libc_init_array
 .text.memcpy   0x0800196c       0x1c c:/progra~2/gnuarm~1/102021~1.10/bin/../lib/gcc/arm-none-eabi/10.3.1/../../../../arm-none-eabi/lib/thumb/v7e-m+fp/hard\libg_nano.a(lib_a-memcpy-stub.o)
                0x0800196c                memcpy
 *(.glue_7)
 .glue_7        0x08001988        0x0 linker stubs
 *(.glue_7t)
 .glue_7t       0x08001988        0x0 linker stubs
 *(.eh_frame)
 .eh_frame      0x08001988        0x0 c:/progra~2/gnuarm~1/102021~1.10/bin/../lib/gcc/arm-none-eabi/10.3.1/thumb/v7e-m+fp/hard/crtbegin.o
 *(.init)
 .init          0x08001988        0x4 c:/progra~2/gnuarm~1/102021~1.10/bin/../lib/gcc/arm-none-eabi/10.3.1/thumb/v7e-m+fp/hard/crti.o
                0x08001988                _init
 .init          0x0800198c        0x8 c:/progra~2/gnuarm~1/102021~1.10/bin/../lib/gcc/arm-none-eabi/10.3.1/thumb/v7e-m+fp/hard/crtn.o
 *(.fini)
 .fini          0x08001994        0x4 c:/progra~2/gnuarm~1/102021~1.10/bin/../lib/gcc/arm-none-eabi/10.3.1/thumb/v7e-m+fp/hard/crti.o
                0x08001994                _fini
 .fini          0x08001998        0x8 c:/progra~2/gnuarm~1/102021~1.10/bin/../lib/gcc/arm-none-eabi/10.3.1/thumb/v7e-m+fp/hard/crtn.o
                0x080019a0                . = ALIGN (0x4)
                0x080019a0                _etext = .

.vfp11_veneer   0x080019a0        0x0
 .vfp11_veneer  0x080019a0        0x0 linker stubs

.v4_bx          0x080019a0        0x0
 .v4_bx         0x080019a0        0x0 linker stubs

.iplt           0x080019a0        0x0
 .iplt          0x080019a0        0x0 c:/progra~2/gnuarm~1/102021~1.10/bin/../lib/gcc/arm-none-eabi/10.3.1/thumb/v7e-m+fp/hard/crtbegin.o

.rodata         0x080019a0       0x74
                0x080019a0                . = ALIGN (0x4)
 *(.rodata)
 *(.rodata*)
 .rodata.main.str1.4
                0x080019a0       0x21 project/CMakeFiles/AT32F435_LedToggle.elf.dir/src/main.c.obj
                                 0x25 (size before relaxing)
 *fill*         0x080019c1        0x3 
 .rodata.SEGGER_RTT_ReadUpBufferNoLock.str1.4
                0x080019c4       0x17 project/CMakeFiles/AT32F435_LedToggle.elf.dir/rttview/SEGGER_RTT.c.obj
 *fill*         0x080019db        0x1 
 .rodata._aTerminalId
                0x080019dc       0x10 project/CMakeFiles/AT32F435_LedToggle.elf.dir/rttview/SEGGER_RTT.c.obj
 .rodata._aV2C.0
                0x080019ec       0x10 project/CMakeFiles/AT32F435_LedToggle.elf.dir/rttview/SEGGER_RTT_printf.c.obj
 .rodata.pll_fr_table.1
                0x080019fc        0x6 common/libcommon.a(system_at32f435_437.c.obj)
 *fill*         0x08001a02        0x2 
 .rodata.sys_ahb_div_table.0
                0x08001a04       0x10 common/libcommon.a(system_at32f435_437.c.obj)
                0x08001a14                . = ALIGN (0x4)

.ARM.extab
 *(.ARM.extab* .gnu.linkonce.armextab.*)

.ARM            0x08001a14        0x8
                0x08001a14                __exidx_start = .
 *(.ARM.exidx*)
 .ARM.exidx     0x08001a14        0x8 c:/progra~2/gnuarm~1/102021~1.10/bin/../lib/gcc/arm-none-eabi/10.3.1/thumb/v7e-m+fp/hard\libgcc.a(_udivmoddi4.o)
                0x08001a1c                __exidx_end = .

.rel.dyn        0x08001a1c        0x0
 .rel.iplt      0x08001a1c        0x0 c:/progra~2/gnuarm~1/102021~1.10/bin/../lib/gcc/arm-none-eabi/10.3.1/thumb/v7e-m+fp/hard/crtbegin.o

.preinit_array  0x08001a1c        0x0
                0x08001a1c                PROVIDE (__preinit_array_start = .)
 *(.preinit_array*)
                0x08001a1c                PROVIDE (__preinit_array_end = .)

.init_array     0x08001a1c        0x4
                0x08001a1c                PROVIDE (__init_array_start = .)
 *(SORT_BY_NAME(.init_array.*))
 *(.init_array*)
 .init_array    0x08001a1c        0x4 c:/progra~2/gnuarm~1/102021~1.10/bin/../lib/gcc/arm-none-eabi/10.3.1/thumb/v7e-m+fp/hard/crtbegin.o
                0x08001a20                PROVIDE (__init_array_end = .)

.fini_array     0x08001a20        0x4
                [!provide]                PROVIDE (__fini_array_start = .)
 *(SORT_BY_NAME(.fini_array.*))
 *(.fini_array*)
 .fini_array    0x08001a20        0x4 c:/progra~2/gnuarm~1/102021~1.10/bin/../lib/gcc/arm-none-eabi/10.3.1/thumb/v7e-m+fp/hard/crtbegin.o
                [!provide]                PROVIDE (__fini_array_end = .)
                0x08001a24                _sidata = LOADADDR (.data)

.data           0x20000000       0x24 load address 0x08001a24
                0x20000000                . = ALIGN (0x4)
                0x20000000                _sdata = .
 *(.data)
 *(.data*)
 .data.led_gpio_crm_clk
                0x20000000        0xc project/CMakeFiles/AT32F435_LedToggle.elf.dir/src/at32f435_437_board.c.obj
                0x20000000                led_gpio_crm_clk
 .data.led_gpio_pin
                0x2000000c        0x6 project/CMakeFiles/AT32F435_LedToggle.elf.dir/src/at32f435_437_board.c.obj
                0x2000000c                led_gpio_pin
 *fill*         0x20000012        0x2 
 .data.led_gpio_port
                0x20000014        0xc project/CMakeFiles/AT32F435_LedToggle.elf.dir/src/at32f435_437_board.c.obj
                0x20000014                led_gpio_port
 .data.system_core_clock
                0x20000020        0x4 common/libcommon.a(system_at32f435_437.c.obj)
                0x20000020                system_core_clock
                0x20000024                . = ALIGN (0x4)
                0x20000024                _edata = .

.igot.plt       0x20000024        0x0 load address 0x08001a48
 .igot.plt      0x20000024        0x0 c:/progra~2/gnuarm~1/102021~1.10/bin/../lib/gcc/arm-none-eabi/10.3.1/thumb/v7e-m+fp/hard/crtbegin.o
                0x20000024                . = ALIGN (0x4)

.bss            0x20000024      0x4e0 load address 0x08001a48
                0x20000024                _sbss = .
                0x20000024                __bss_start__ = _sbss
 *(.bss)
 .bss           0x20000024       0x1c c:/progra~2/gnuarm~1/102021~1.10/bin/../lib/gcc/arm-none-eabi/10.3.1/thumb/v7e-m+fp/hard/crtbegin.o
 *(.bss*)
 .bss.fac_ms    0x20000040        0x4 project/CMakeFiles/AT32F435_LedToggle.elf.dir/src/at32f435_437_board.c.obj
 .bss.fac_us    0x20000044        0x4 project/CMakeFiles/AT32F435_LedToggle.elf.dir/src/at32f435_437_board.c.obj
 .bss._ActiveTerminal
                0x20000048        0x1 project/CMakeFiles/AT32F435_LedToggle.elf.dir/rttview/SEGGER_RTT.c.obj
 *fill*         0x20000049        0x3 
 .bss._SEGGER_RTT
                0x2000004c       0xa8 project/CMakeFiles/AT32F435_LedToggle.elf.dir/rttview/SEGGER_RTT.c.obj
                0x2000004c                _SEGGER_RTT
 .bss._acDownBuffer
                0x200000f4       0x10 project/CMakeFiles/AT32F435_LedToggle.elf.dir/rttview/SEGGER_RTT.c.obj
 .bss._acUpBuffer
                0x20000104      0x400 project/CMakeFiles/AT32F435_LedToggle.elf.dir/rttview/SEGGER_RTT.c.obj
 *(COMMON)
                0x20000504                . = ALIGN (0x4)
                0x20000504                _ebss = .
                0x20000504                __bss_end__ = _ebss

._user_heap_stack
                0x20000504      0x604 load address 0x08001a48
                0x20000508                . = ALIGN (0x8)
 *fill*         0x20000504        0x4 
                [!provide]                PROVIDE (end = .)
                0x20000508                PROVIDE (_end = .)
                0x20000708                . = (. + _Min_Heap_Size)
 *fill*         0x20000508      0x200 
                0x20000b08                . = (. + _Min_Stack_Size)
 *fill*         0x20000708      0x400 
                0x20000b08                . = ALIGN (0x8)

/DISCARD/
 libc.a(*)
 libm.a(*)
 libgcc.a(*)

.ARM.attributes
                0x00000000       0x30
 *(.ARM.attributes)
 .ARM.attributes
                0x00000000       0x1e c:/progra~2/gnuarm~1/102021~1.10/bin/../lib/gcc/arm-none-eabi/10.3.1/thumb/v7e-m+fp/hard/crti.o
 .ARM.attributes
                0x0000001e       0x34 c:/progra~2/gnuarm~1/102021~1.10/bin/../lib/gcc/arm-none-eabi/10.3.1/thumb/v7e-m+fp/hard/crtbegin.o
 .ARM.attributes
                0x00000052       0x34 project/CMakeFiles/AT32F435_LedToggle.elf.dir/src/main.c.obj
 .ARM.attributes
                0x00000086       0x34 project/CMakeFiles/AT32F435_LedToggle.elf.dir/src/at32f435_437_board.c.obj
 .ARM.attributes
                0x000000ba       0x34 project/CMakeFiles/AT32F435_LedToggle.elf.dir/src/at32f435_437_clock.c.obj
 .ARM.attributes
                0x000000ee       0x34 project/CMakeFiles/AT32F435_LedToggle.elf.dir/src/at32f435_437_int.c.obj
 .ARM.attributes
                0x00000122       0x34 project/CMakeFiles/AT32F435_LedToggle.elf.dir/rttview/SEGGER_RTT.c.obj
 .ARM.attributes
                0x00000156       0x34 project/CMakeFiles/AT32F435_LedToggle.elf.dir/rttview/SEGGER_RTT_printf.c.obj
 .ARM.attributes
                0x0000018a       0x34 common/libcommon.a(system_at32f435_437.c.obj)
 .ARM.attributes
                0x000001be       0x21 common/libcommon.a(startup_at32f435_437.s.obj)
 .ARM.attributes
                0x000001df       0x34 common/libcommon.a(at32f435_437_crm.c.obj)
 .ARM.attributes
                0x00000213       0x34 common/libcommon.a(at32f435_437_gpio.c.obj)
 .ARM.attributes
                0x00000247       0x34 common/libcommon.a(at32f435_437_misc.c.obj)
 .ARM.attributes
                0x0000027b       0x1e c:/progra~2/gnuarm~1/102021~1.10/bin/../lib/gcc/arm-none-eabi/10.3.1/thumb/v7e-m+fp/hard\libgcc.a(_arm_truncdfsf2.o)
 .ARM.attributes
                0x00000299       0x1e c:/progra~2/gnuarm~1/102021~1.10/bin/../lib/gcc/arm-none-eabi/10.3.1/thumb/v7e-m+fp/hard\libgcc.a(_aeabi_uldivmod.o)
 .ARM.attributes
                0x000002b7       0x34 c:/progra~2/gnuarm~1/102021~1.10/bin/../lib/gcc/arm-none-eabi/10.3.1/thumb/v7e-m+fp/hard\libgcc.a(_udivmoddi4.o)
 .ARM.attributes
                0x000002eb       0x1e c:/progra~2/gnuarm~1/102021~1.10/bin/../lib/gcc/arm-none-eabi/10.3.1/thumb/v7e-m+fp/hard\libgcc.a(_dvmd_tls.o)
 .ARM.attributes
                0x00000309       0x34 c:/progra~2/gnuarm~1/102021~1.10/bin/../lib/gcc/arm-none-eabi/10.3.1/../../../../arm-none-eabi/lib/thumb/v7e-m+fp/hard\libg_nano.a(lib_a-init.o)
 .ARM.attributes
                0x0000033d       0x34 c:/progra~2/gnuarm~1/102021~1.10/bin/../lib/gcc/arm-none-eabi/10.3.1/../../../../arm-none-eabi/lib/thumb/v7e-m+fp/hard\libg_nano.a(lib_a-memcpy-stub.o)
 .ARM.attributes
                0x00000371       0x1e c:/progra~2/gnuarm~1/102021~1.10/bin/../lib/gcc/arm-none-eabi/10.3.1/thumb/v7e-m+fp/hard/crtn.o
OUTPUT(project\AT32F435_LedToggle.elf elf32-littlearm)
LOAD linker stubs
LOAD c:/progra~2/gnuarm~1/102021~1.10/bin/../lib/gcc/arm-none-eabi/10.3.1/../../../../arm-none-eabi/lib/thumb/v7e-m+fp/hard\libc.a
LOAD c:/progra~2/gnuarm~1/102021~1.10/bin/../lib/gcc/arm-none-eabi/10.3.1/../../../../arm-none-eabi/lib/thumb/v7e-m+fp/hard\libm.a
LOAD c:/progra~2/gnuarm~1/102021~1.10/bin/../lib/gcc/arm-none-eabi/10.3.1/thumb/v7e-m+fp/hard\libgcc.a

.debug_info     0x00000000    0x105f9
 .debug_info    0x00000000      0x174 project/CMakeFiles/AT32F435_LedToggle.elf.dir/src/main.c.obj
 .debug_info    0x00000174     0x2f38 project/CMakeFiles/AT32F435_LedToggle.elf.dir/src/at32f435_437_board.c.obj
 .debug_info    0x000030ac     0x14aa project/CMakeFiles/AT32F435_LedToggle.elf.dir/src/at32f435_437_clock.c.obj
 .debug_info    0x00004556       0xec project/CMakeFiles/AT32F435_LedToggle.elf.dir/src/at32f435_437_int.c.obj
 .debug_info    0x00004642     0x3a0a project/CMakeFiles/AT32F435_LedToggle.elf.dir/rttview/SEGGER_RTT.c.obj
 .debug_info    0x0000804c      0xccd project/CMakeFiles/AT32F435_LedToggle.elf.dir/rttview/SEGGER_RTT_printf.c.obj
 .debug_info    0x00008d19     0x204c common/libcommon.a(system_at32f435_437.c.obj)
 .debug_info    0x0000ad65       0x22 common/libcommon.a(startup_at32f435_437.s.obj)
 .debug_info    0x0000ad87     0x32c7 common/libcommon.a(at32f435_437_crm.c.obj)
 .debug_info    0x0000e04e     0x1a38 common/libcommon.a(at32f435_437_gpio.c.obj)
 .debug_info    0x0000fa86      0xb73 common/libcommon.a(at32f435_437_misc.c.obj)

.debug_abbrev   0x00000000     0x1929
 .debug_abbrev  0x00000000       0xb9 project/CMakeFiles/AT32F435_LedToggle.elf.dir/src/main.c.obj
 .debug_abbrev  0x000000b9      0x534 project/CMakeFiles/AT32F435_LedToggle.elf.dir/src/at32f435_437_board.c.obj
 .debug_abbrev  0x000005ed      0x215 project/CMakeFiles/AT32F435_LedToggle.elf.dir/src/at32f435_437_clock.c.obj
 .debug_abbrev  0x00000802       0x78 project/CMakeFiles/AT32F435_LedToggle.elf.dir/src/at32f435_437_int.c.obj
 .debug_abbrev  0x0000087a      0x351 project/CMakeFiles/AT32F435_LedToggle.elf.dir/rttview/SEGGER_RTT.c.obj
 .debug_abbrev  0x00000bcb      0x2ec project/CMakeFiles/AT32F435_LedToggle.elf.dir/rttview/SEGGER_RTT_printf.c.obj
 .debug_abbrev  0x00000eb7      0x1c6 common/libcommon.a(system_at32f435_437.c.obj)
 .debug_abbrev  0x0000107d       0x12 common/libcommon.a(startup_at32f435_437.s.obj)
 .debug_abbrev  0x0000108f      0x386 common/libcommon.a(at32f435_437_crm.c.obj)
 .debug_abbrev  0x00001415      0x296 common/libcommon.a(at32f435_437_gpio.c.obj)
 .debug_abbrev  0x000016ab      0x27e common/libcommon.a(at32f435_437_misc.c.obj)

.debug_aranges  0x00000000      0x4a0
 .debug_aranges
                0x00000000       0x20 project/CMakeFiles/AT32F435_LedToggle.elf.dir/src/main.c.obj
 .debug_aranges
                0x00000020       0x90 project/CMakeFiles/AT32F435_LedToggle.elf.dir/src/at32f435_437_board.c.obj
 .debug_aranges
                0x000000b0       0x20 project/CMakeFiles/AT32F435_LedToggle.elf.dir/src/at32f435_437_clock.c.obj
 .debug_aranges
                0x000000d0       0x40 project/CMakeFiles/AT32F435_LedToggle.elf.dir/src/at32f435_437_int.c.obj
 .debug_aranges
                0x00000110      0x110 project/CMakeFiles/AT32F435_LedToggle.elf.dir/rttview/SEGGER_RTT.c.obj
 .debug_aranges
                0x00000220       0x30 project/CMakeFiles/AT32F435_LedToggle.elf.dir/rttview/SEGGER_RTT_printf.c.obj
 .debug_aranges
                0x00000250       0x28 common/libcommon.a(system_at32f435_437.c.obj)
 .debug_aranges
                0x00000278       0x28 common/libcommon.a(startup_at32f435_437.s.obj)
 .debug_aranges
                0x000002a0      0x128 common/libcommon.a(at32f435_437_crm.c.obj)
 .debug_aranges
                0x000003c8       0x88 common/libcommon.a(at32f435_437_gpio.c.obj)
 .debug_aranges
                0x00000450       0x50 common/libcommon.a(at32f435_437_misc.c.obj)

.debug_ranges   0x00000000     0x1708
 .debug_ranges  0x00000000       0x10 project/CMakeFiles/AT32F435_LedToggle.elf.dir/src/main.c.obj
 .debug_ranges  0x00000010      0x1a8 project/CMakeFiles/AT32F435_LedToggle.elf.dir/src/at32f435_437_board.c.obj
 .debug_ranges  0x000001b8       0x10 project/CMakeFiles/AT32F435_LedToggle.elf.dir/src/at32f435_437_clock.c.obj
 .debug_ranges  0x000001c8       0x30 project/CMakeFiles/AT32F435_LedToggle.elf.dir/src/at32f435_437_int.c.obj
 .debug_ranges  0x000001f8      0xd78 project/CMakeFiles/AT32F435_LedToggle.elf.dir/rttview/SEGGER_RTT.c.obj
 .debug_ranges  0x00000f70      0x4c0 project/CMakeFiles/AT32F435_LedToggle.elf.dir/rttview/SEGGER_RTT_printf.c.obj
 .debug_ranges  0x00001430       0x18 common/libcommon.a(system_at32f435_437.c.obj)
 .debug_ranges  0x00001448       0x20 common/libcommon.a(startup_at32f435_437.s.obj)
 .debug_ranges  0x00001468      0x150 common/libcommon.a(at32f435_437_crm.c.obj)
 .debug_ranges  0x000015b8       0x78 common/libcommon.a(at32f435_437_gpio.c.obj)
 .debug_ranges  0x00001630       0xd8 common/libcommon.a(at32f435_437_misc.c.obj)

.debug_line     0x00000000     0x7546
 .debug_line    0x00000000      0x120 project/CMakeFiles/AT32F435_LedToggle.elf.dir/src/main.c.obj
 .debug_line    0x00000120      0xaf0 project/CMakeFiles/AT32F435_LedToggle.elf.dir/src/at32f435_437_board.c.obj
 .debug_line    0x00000c10      0x25a project/CMakeFiles/AT32F435_LedToggle.elf.dir/src/at32f435_437_clock.c.obj
 .debug_line    0x00000e6a       0xfd project/CMakeFiles/AT32F435_LedToggle.elf.dir/src/at32f435_437_int.c.obj
 .debug_line    0x00000f67     0x3e03 project/CMakeFiles/AT32F435_LedToggle.elf.dir/rttview/SEGGER_RTT.c.obj
 .debug_line    0x00004d6a      0xf74 project/CMakeFiles/AT32F435_LedToggle.elf.dir/rttview/SEGGER_RTT_printf.c.obj
 .debug_line    0x00005cde      0x35b common/libcommon.a(system_at32f435_437.c.obj)
 .debug_line    0x00006039       0x99 common/libcommon.a(startup_at32f435_437.s.obj)
 .debug_line    0x000060d2      0xabe common/libcommon.a(at32f435_437_crm.c.obj)
 .debug_line    0x00006b90      0x538 common/libcommon.a(at32f435_437_gpio.c.obj)
 .debug_line    0x000070c8      0x47e common/libcommon.a(at32f435_437_misc.c.obj)

.debug_str      0x00000000     0x5642
 .debug_str     0x00000000      0x1d5 project/CMakeFiles/AT32F435_LedToggle.elf.dir/src/main.c.obj
                                0x20e (size before relaxing)
 .debug_str     0x000001d5     0x1717 project/CMakeFiles/AT32F435_LedToggle.elf.dir/src/at32f435_437_board.c.obj
                               0x1940 (size before relaxing)
 .debug_str     0x000018ec      0x7ec project/CMakeFiles/AT32F435_LedToggle.elf.dir/src/at32f435_437_clock.c.obj
                                0xf46 (size before relaxing)
 .debug_str     0x000020d8       0xc9 project/CMakeFiles/AT32F435_LedToggle.elf.dir/src/at32f435_437_int.c.obj
                                0x21f (size before relaxing)
 .debug_str     0x000021a1      0x4e5 project/CMakeFiles/AT32F435_LedToggle.elf.dir/rttview/SEGGER_RTT.c.obj
                                0x6a3 (size before relaxing)
 .debug_str     0x00002686      0x167 project/CMakeFiles/AT32F435_LedToggle.elf.dir/rttview/SEGGER_RTT_printf.c.obj
                                0x33a (size before relaxing)
 .debug_str     0x000027ed      0xb50 common/libcommon.a(system_at32f435_437.c.obj)
                                0xf02 (size before relaxing)
 .debug_str     0x0000333d       0x4c common/libcommon.a(startup_at32f435_437.s.obj)
                                 0x6c (size before relaxing)
 .debug_str     0x00003389     0x17be common/libcommon.a(at32f435_437_crm.c.obj)
                               0x2cbf (size before relaxing)
 .debug_str     0x00004b47      0x178 common/libcommon.a(at32f435_437_gpio.c.obj)
                               0x1095 (size before relaxing)
 .debug_str     0x00004cbf      0x983 common/libcommon.a(at32f435_437_misc.c.obj)
                                0xc23 (size before relaxing)

.comment        0x00000000       0x49
 .comment       0x00000000       0x49 project/CMakeFiles/AT32F435_LedToggle.elf.dir/src/main.c.obj
                                 0x4a (size before relaxing)
 .comment       0x00000049       0x4a project/CMakeFiles/AT32F435_LedToggle.elf.dir/src/at32f435_437_board.c.obj
 .comment       0x00000049       0x4a project/CMakeFiles/AT32F435_LedToggle.elf.dir/src/at32f435_437_clock.c.obj
 .comment       0x00000049       0x4a project/CMakeFiles/AT32F435_LedToggle.elf.dir/src/at32f435_437_int.c.obj
 .comment       0x00000049       0x4a project/CMakeFiles/AT32F435_LedToggle.elf.dir/rttview/SEGGER_RTT.c.obj
 .comment       0x00000049       0x4a project/CMakeFiles/AT32F435_LedToggle.elf.dir/rttview/SEGGER_RTT_printf.c.obj
 .comment       0x00000049       0x4a common/libcommon.a(system_at32f435_437.c.obj)
 .comment       0x00000049       0x4a common/libcommon.a(at32f435_437_crm.c.obj)
 .comment       0x00000049       0x4a common/libcommon.a(at32f435_437_gpio.c.obj)
 .comment       0x00000049       0x4a common/libcommon.a(at32f435_437_misc.c.obj)

.debug_frame    0x00000000      0xd90
 .debug_frame   0x00000000       0x28 project/CMakeFiles/AT32F435_LedToggle.elf.dir/src/main.c.obj
 .debug_frame   0x00000028      0x198 project/CMakeFiles/AT32F435_LedToggle.elf.dir/src/at32f435_437_board.c.obj
 .debug_frame   0x000001c0       0x30 project/CMakeFiles/AT32F435_LedToggle.elf.dir/src/at32f435_437_clock.c.obj
 .debug_frame   0x000001f0       0xa0 project/CMakeFiles/AT32F435_LedToggle.elf.dir/src/at32f435_437_int.c.obj
 .debug_frame   0x00000290      0x4b4 project/CMakeFiles/AT32F435_LedToggle.elf.dir/rttview/SEGGER_RTT.c.obj
 .debug_frame   0x00000744       0xc4 project/CMakeFiles/AT32F435_LedToggle.elf.dir/rttview/SEGGER_RTT_printf.c.obj
 .debug_frame   0x00000808       0x44 common/libcommon.a(system_at32f435_437.c.obj)
 .debug_frame   0x0000084c      0x294 common/libcommon.a(at32f435_437_crm.c.obj)
 .debug_frame   0x00000ae0      0x150 common/libcommon.a(at32f435_437_gpio.c.obj)
 .debug_frame   0x00000c30       0x88 common/libcommon.a(at32f435_437_misc.c.obj)
 .debug_frame   0x00000cb8       0x24 c:/progra~2/gnuarm~1/102021~1.10/bin/../lib/gcc/arm-none-eabi/10.3.1/thumb/v7e-m+fp/hard\libgcc.a(_arm_truncdfsf2.o)
 .debug_frame   0x00000cdc       0x2c c:/progra~2/gnuarm~1/102021~1.10/bin/../lib/gcc/arm-none-eabi/10.3.1/thumb/v7e-m+fp/hard\libgcc.a(_aeabi_uldivmod.o)
 .debug_frame   0x00000d08       0x34 c:/progra~2/gnuarm~1/102021~1.10/bin/../lib/gcc/arm-none-eabi/10.3.1/thumb/v7e-m+fp/hard\libgcc.a(_udivmoddi4.o)
 .debug_frame   0x00000d3c       0x2c c:/progra~2/gnuarm~1/102021~1.10/bin/../lib/gcc/arm-none-eabi/10.3.1/../../../../arm-none-eabi/lib/thumb/v7e-m+fp/hard\libg_nano.a(lib_a-init.o)
 .debug_frame   0x00000d68       0x28 c:/progra~2/gnuarm~1/102021~1.10/bin/../lib/gcc/arm-none-eabi/10.3.1/../../../../arm-none-eabi/lib/thumb/v7e-m+fp/hard\libg_nano.a(lib_a-memcpy-stub.o)

.debug_loc      0x00000000     0xab14
 .debug_loc     0x00000000      0x406 project/CMakeFiles/AT32F435_LedToggle.elf.dir/src/at32f435_437_board.c.obj
 .debug_loc     0x00000406     0x7eaa project/CMakeFiles/AT32F435_LedToggle.elf.dir/rttview/SEGGER_RTT.c.obj
 .debug_loc     0x000082b0     0x1720 project/CMakeFiles/AT32F435_LedToggle.elf.dir/rttview/SEGGER_RTT_printf.c.obj
 .debug_loc     0x000099d0      0x189 common/libcommon.a(system_at32f435_437.c.obj)
 .debug_loc     0x00009b59      0x829 common/libcommon.a(at32f435_437_crm.c.obj)
 .debug_loc     0x0000a382      0x37a common/libcommon.a(at32f435_437_gpio.c.obj)
 .debug_loc     0x0000a6fc      0x418 common/libcommon.a(at32f435_437_misc.c.obj)
